============================= test session starts =============================
platform win32 -- Python 3.12.10, pytest-9.0.2, pluggy-1.6.0 -- C:\Users\Administrator\AppData\Local\Programs\Python\Python312\python.exe
cachedir: .pytest_cache
hypothesis profile 'default'
metadata: {'Python': '3.12.10', 'Platform': 'Windows-11-10.0.26100-SP0', 'Packages': {'pytest': '9.0.2', 'pluggy': '1.6.0'}, 'Plugins': {'anyio': '4.12.1', 'hypothesis': '6.150.0', 'asyncio': '1.3.0', 'cov': '7.0.0', 'json-report': '1.5.0', 'metadata': '3.1.1', 'qt': '4.5.0'}}
PySide6 6.10.1 -- Qt runtime 6.10.1 -- Qt compiled 6.10.1
rootdir: d:\GITHUB\pytQt_template
configfile: pytest.ini (WARNING: ignoring pytest config in pyproject.toml!)
plugins: anyio-4.12.1, hypothesis-6.150.0, asyncio-1.3.0, cov-7.0.0, json-report-1.5.0, metadata-3.1.1, qt-4.5.0
asyncio: mode=Mode.STRICT, debug=False, asyncio_default_fixture_loop_scope=None, asyncio_default_test_loop_scope=function
collecting ... collected 33 items / 2 deselected / 31 selected

tests/e2e/test_epic_driver_full_e2e.py::test_complete_epic_workflow[asyncio] FAILED [  3%]
tests/e2e/test_epic_driver_full_e2e.py::test_multiple_stories_concurrent[asyncio] FAILED [  6%]
tests/e2e/test_epic_driver_full_e2e.py::test_state_machine_pipeline[asyncio] FAILED [  9%]
tests/e2e/test_epic_driver_full_e2e.py::test_epic_with_missing_stories[asyncio] FAILED [ 12%]
tests/e2e/test_epic_driver_full_e2e.py::test_epic_workflow_with_errors[asyncio] FAILED [ 16%]
tests/e2e/test_epic_driver_full_e2e.py::test_epic_driver_initialization[asyncio] PASSED [ 19%]
tests/e2e/test_epic_driver_full_e2e.py::test_story_status_parsing[asyncio] FAILED [ 22%]
tests/e2e/test_epic_driver_full_e2e.py::test_quality_gates_execution[asyncio] PASSED [ 25%]
tests/e2e/test_epic_driver_full_e2e.py::test_cancellation_handling[asyncio] PASSED [ 29%]
tests/integration/test_error_recovery_scenarios.py::test_sdk_failure_recovery[asyncio] FAILED [ 32%]
tests/integration/test_error_recovery_scenarios.py::test_taskgroup_cancellation[asyncio] PASSED [ 35%]
tests/integration/test_error_recovery_scenarios.py::test_filesystem_error_handling[asyncio] PASSED [ 38%]
tests/integration/test_error_recovery_scenarios.py::test_database_error_recovery[asyncio] FAILED [ 41%]
tests/integration/test_error_recovery_scenarios.py::test_network_interruption_recovery[asyncio] PASSED [ 45%]
tests/integration/test_error_recovery_scenarios.py::test_memory_pressure_recovery[asyncio] PASSED [ 48%]
tests/integration/test_error_recovery_scenarios.py::test_disk_space_exhaustion[asyncio] PASSED [ 51%]
tests/integration/test_error_recovery_scenarios.py::test_concurrent_failure_recovery[asyncio] FAILED [ 54%]
tests/integration/test_error_recovery_scenarios.py::test_state_corruption_recovery[asyncio] PASSED [ 58%]
tests/integration/test_error_recovery_scenarios.py::test_cascade_failure_recovery[asyncio] PASSED [ 61%]
tests/integration/test_error_recovery_scenarios.py::test_graceful_degradation[asyncio] PASSED [ 64%]
tests/performance/test_performance_benchmarks.py::test_batch_story_performance[asyncio] FAILED [ 67%]
tests/performance/test_performance_benchmarks.py::test_concurrent_performance[asyncio] FAILED [ 70%]
tests/performance/test_performance_benchmarks.py::test_memory_leak_detection[asyncio] FAILED [ 74%]
tests/performance/test_performance_benchmarks.py::test_cpu_usage_monitoring[asyncio] FAILED [ 77%]
tests/performance/test_performance_benchmarks.py::test_sdk_call_latency[asyncio] FAILED [ 80%]
tests/performance/test_performance_benchmarks.py::test_performance_regression_detection[asyncio] FAILED [ 83%]
tests/performance/test_performance_benchmarks.py::test_concurrent_vs_sequential_performance[asyncio] FAILED [ 87%]
tests/integration/test_real_sdk_integration.py::test_sdk_timeout_handling_mock[asyncio] SKIPPED [ 90%]
tests/integration/test_real_sdk_integration.py::test_sdk_error_handling_real_world[asyncio] SKIPPED [ 93%]
tests/integration/test_real_sdk_integration.py::test_sdk_parameter_validation[asyncio] SKIPPED [ 96%]
tests/integration/test_real_sdk_integration.py::test_sdk_concurrent_calls[asyncio] SKIPPED [100%]

================================== FAILURES ===================================
E   TypeError: EpicDriver.parse_epic() takes 1 positional argument but 2 were given
---------------------------- Captured stdout setup ----------------------------
[LOG] Log file created: autoBMAD\epic_automation\logs\epic_20260112_171221.log
----------------------------- Captured log setup ------------------------------
INFO     epic_driver.epic-001-full-e2e.md:epic_driver.py:682 Logging configured. Log file: autoBMAD\epic_automation\logs\epic_20260112_171221.log
---------------------------- Captured stdout call -----------------------------

=== 步骤 1: 解析Epic文件 ===
d:\GITHUB\pytQt_template\tests\e2e\test_epic_driver_full_e2e.py:186: TypeError: EpicDriver.parse_epic() takes 1 positional argument but 2 were given
  + Exception Group Traceback (most recent call last):
  |   File "d:\GITHUB\pytQt_template\tests\e2e\test_epic_driver_full_e2e.py", line 255, in test_multiple_stories_concurrent
  |     async with anyio.create_task_group() as tg:
  |                ^^^^^^^^^^^^^^^^^^^^^^^^^
  |   File "C:\Users\Administrator\AppData\Local\Programs\Python\Python312\Lib\site-packages\anyio\_backends\_asyncio.py", line 783, in __aexit__
  |     raise BaseExceptionGroup(
  | ExceptionGroup: unhandled errors in a TaskGroup (3 sub-exceptions)
  +-+---------------- 1 ----------------
    | Traceback (most recent call last):
    |   File "d:\GITHUB\pytQt_template\autoBMAD\epic_automation\epic_driver.py", line 1276, in process_story
    |     story_path = story["path"]
    |                  ~~~~~^^^^^^^^
    | TypeError: string indices must be integers, not 'str'
    +---------------- 2 ----------------
    | Traceback (most recent call last):
    |   File "d:\GITHUB\pytQt_template\autoBMAD\epic_automation\epic_driver.py", line 1276, in process_story
    |     story_path = story["path"]
    |                  ~~~~~^^^^^^^^
    | TypeError: string indices must be integers, not 'str'
    +---------------- 3 ----------------
    | Traceback (most recent call last):
    |   File "d:\GITHUB\pytQt_template\autoBMAD\epic_automation\epic_driver.py", line 1276, in process_story
    |     story_path = story["path"]
    |                  ~~~~~^^^^^^^^
    | TypeError: string indices must be integers, not 'str'
    +------------------------------------
---------------------------- Captured stdout setup ----------------------------
[LOG] Log file created: autoBMAD\epic_automation\logs\epic_20260112_171222.log
----------------------------- Captured log setup ------------------------------
INFO     epic_driver.epic-001-full-e2e.md:epic_driver.py:682 Logging configured. Log file: autoBMAD\epic_automation\logs\epic_20260112_171222.log
---------------------------- Captured stdout call -----------------------------
\n=== \u591a\u6545\u4e8b\u5e76\u53d1\u5904\u7406\u6d4b\u8bd5 ===\n\u2705 \u542f\u52a8\u6545\u4e8b1.1\u5904\u7406\u4efb\u52a1\n\u2705 \u542f\u52a8\u6545\u4e8b1.2\u5904\u7406\u4efb\u52a1\n\u2705 \u542f\u52a8\u6545\u4e8b1.3\u5904\u7406\u4efb\u52a1
C:\Users\Administrator\AppData\Local\Programs\Python\Python312\Lib\site-packages\anyio\_backends\_asyncio.py:783: ExceptionGroup: unhandled errors in a TaskGroup (3 sub-exceptions)
E   AssertionError: 初始状态应为Draft
    assert <coroutine object EpicDriver._parse_story_status at 0x0000014B62B8F440> == 'Draft'
---------------------------- Captured stdout setup ----------------------------
[LOG] Log file created: autoBMAD\epic_automation\logs\epic_20260112_171222.log
----------------------------- Captured log setup ------------------------------
INFO     epic_driver.epic-001-full-e2e.md:epic_driver.py:682 Logging configured. Log file: autoBMAD\epic_automation\logs\epic_20260112_171222.log
---------------------------- Captured stdout call -----------------------------

=== 状态机流水线测试 ===
初始状态: <coroutine object EpicDriver._parse_story_status at 0x0000014B62B8F440>
d:\GITHUB\pytQt_template\tests\e2e\test_epic_driver_full_e2e.py:289: AssertionError: 初始状态应为Draft
E   TypeError: EpicDriver.parse_epic() takes 1 positional argument but 2 were given
---------------------------- Captured stdout setup ----------------------------
[LOG] Log file created: autoBMAD\epic_automation\logs\epic_20260112_171222.log
----------------------------- Captured log setup ------------------------------
INFO     epic_driver.epic-001-full-e2e.md:epic_driver.py:682 Logging configured. Log file: autoBMAD\epic_automation\logs\epic_20260112_171222.log
---------------------------- Captured stdout call -----------------------------

=== 缺失故事文件测试 ===
解析包含缺失故事的Epic...
d:\GITHUB\pytQt_template\tests\e2e\test_epic_driver_full_e2e.py:369: TypeError: EpicDriver.parse_epic() takes 1 positional argument but 2 were given
E   TypeError: string indices must be integers, not 'str'
---------------------------- Captured stdout setup ----------------------------
[LOG] Log file created: autoBMAD\epic_automation\logs\epic_20260112_171223.log
----------------------------- Captured log setup ------------------------------
INFO     epic_driver.epic-001-full-e2e.md:epic_driver.py:682 Logging configured. Log file: autoBMAD\epic_automation\logs\epic_20260112_171223.log
---------------------------- Captured stdout call -----------------------------
\n=== \u9519\u8bef\u5904\u7406\u6d4b\u8bd5 ===\n\u5904\u7406\u6545\u4e8b1.1\uff08\u6a21\u62df\u9519\u8bef\uff09...\n\u274c \u672a\u9884\u671f\u7684\u5f02\u5e38: string indices must be integers, not 'str'
d:\GITHUB\pytQt_template\autoBMAD\epic_automation\epic_driver.py:1276: TypeError: string indices must be integers, not 'str'
E   AssertionError: 状态解析错误: 期望Draft，实际<coroutine object EpicDriver._parse_story_status at 0x0000014B628CFA40>
    assert <coroutine object EpicDriver._parse_story_status at 0x0000014B628CFA40> == 'Draft'
---------------------------- Captured stdout setup ----------------------------
[LOG] Log file created: autoBMAD\epic_automation\logs\epic_20260112_171224.log
----------------------------- Captured log setup ------------------------------
INFO     epic_driver.epic-001-full-e2e.md:epic_driver.py:682 Logging configured. Log file: autoBMAD\epic_automation\logs\epic_20260112_171224.log
---------------------------- Captured stdout call -----------------------------

=== 故事状态解析测试 ===
d:\GITHUB\pytQt_template\tests\e2e\test_epic_driver_full_e2e.py:506: AssertionError: 状态解析错误: 期望Draft，实际<coroutine object EpicDriver._parse_story_status at 0x0000014B628CFA40>
E   TypeError: string indices must be integers, not 'str'

During handling of the above exception, another exception occurred:
E   AssertionError: 异常类型不符合预期
    assert False
     +  where False = isinstance(TypeError("string indices must be integers, not 'str'"), (<class 'RuntimeError'>, <class 'ConnectionError'>))
---------------------------- Captured stdout call -----------------------------
\\n=== SDK\u5931\u8d25\u6062\u590d\u6d4b\u8bd5 ===\n[LOG] Log file created: autoBMAD\\epic_automation\\logs\\epic_20260112_171726.log\n\u5904\u7406\u6545\u4e8b\uff08\u7b2c\u4e00\u6b21\u8c03\u7528\u5c06\u5931\u8d25\uff09...\n\u26a0\ufe0f  \u5904\u7406\u8fc7\u7a0b\u4e2d\u51fa\u73b0\u5f02\u5e38: string indices must be integers, not 'str'
------------------------------ Captured log call ------------------------------
INFO     epic_driver.epic.md:epic_driver.py:682 Logging configured. Log file: autoBMAD\epic_automation\logs\epic_20260112_171726.log
d:\GITHUB\pytQt_template\tests\integration\test_error_recovery_scenarios.py:154: AssertionError: 异常类型不符合预期
E   TypeError: string indices must be integers, not 'str'

During handling of the above exception, another exception occurred:
E   AssertionError: 异常类型符合数据库错误
    assert False
     +  where False = isinstance(TypeError("string indices must be integers, not 'str'"), RuntimeError)
---------------------------- Captured stdout call -----------------------------
\\n=== \u6570\u636e\u5e93\u9519\u8bef\u6062\u590d\u6d4b\u8bd5 ===\n[LOG] Log file created: autoBMAD\\epic_automation\\logs\\epic_20260112_171726.log\n\u6d4b\u8bd5\u6570\u636e\u5e93\u9519\u8bef\u5904\u7406...\n\u26a0\ufe0f  \u5904\u7406\u8fc7\u7a0b\u4e2d\u51fa\u73b0\u5f02\u5e38: string indices must be integers, not 'str'
------------------------------ Captured log call ------------------------------
INFO     epic_driver.epic.md:epic_driver.py:682 Logging configured. Log file: autoBMAD\epic_automation\logs\epic_20260112_171726.log
d:\GITHUB\pytQt_template\tests\integration\test_error_recovery_scenarios.py:286: AssertionError: 异常类型符合数据库错误
  + Exception Group Traceback (most recent call last):
  |   File "d:\GITHUB\pytQt_template\tests\integration\test_error_recovery_scenarios.py", line 424, in test_concurrent_failure_recovery
  |     async with anyio.create_task_group() as tg:
  |                ^^^^^^^^^^^^^^^^^^^^^^^^^
  |   File "C:\Users\Administrator\AppData\Local\Programs\Python\Python312\Lib\site-packages\anyio\_backends\_asyncio.py", line 783, in __aexit__
  |     raise BaseExceptionGroup(
  | ExceptionGroup: unhandled errors in a TaskGroup (5 sub-exceptions)
  +-+---------------- 1 ----------------
    | Traceback (most recent call last):
    |   File "d:\GITHUB\pytQt_template\tests\integration\test_error_recovery_scenarios.py", line 421, in failing_task
    |     raise RuntimeError(f"Task {task_id} failed")
    | RuntimeError: Task 0 failed
    +---------------- 2 ----------------
    | Traceback (most recent call last):
    |   File "d:\GITHUB\pytQt_template\tests\integration\test_error_recovery_scenarios.py", line 421, in failing_task
    |     raise RuntimeError(f"Task {task_id} failed")
    | RuntimeError: Task 2 failed
    +---------------- 3 ----------------
    | Traceback (most recent call last):
    |   File "d:\GITHUB\pytQt_template\tests\integration\test_error_recovery_scenarios.py", line 421, in failing_task
    |     raise RuntimeError(f"Task {task_id} failed")
    | RuntimeError: Task 4 failed
    +---------------- 4 ----------------
    | Traceback (most recent call last):
    |   File "d:\GITHUB\pytQt_template\tests\integration\test_error_recovery_scenarios.py", line 421, in failing_task
    |     raise RuntimeError(f"Task {task_id} failed")
    | RuntimeError: Task 1 failed
    +---------------- 5 ----------------
    | Traceback (most recent call last):
    |   File "d:\GITHUB\pytQt_template\tests\integration\test_error_recovery_scenarios.py", line 421, in failing_task
    |     raise RuntimeError(f"Task {task_id} failed")
    | RuntimeError: Task 3 failed
    +------------------------------------
---------------------------- Captured stdout call -----------------------------
\n=== 并发失败恢复测试 ===
  任务0开始执行...
  任务1开始执行...
  任务2开始执行...
  任务3开始执行...
  任务4开始执行...
C:\Users\Administrator\AppData\Local\Programs\Python\Python312\Lib\site-packages\anyio\_backends\_asyncio.py:783: ExceptionGroup: unhandled errors in a TaskGroup (5 sub-exceptions)
E   TypeError: string indices must be integers, not 'str'
---------------------------- Captured stdout call -----------------------------
\n=== 大批量故事处理性能测试 ===
测试10个故事顺序处理
[LOG] Log file created: autoBMAD\epic_automation\logs\epic_20260112_171729.log
处理故事1...
------------------------------ Captured log call ------------------------------
INFO     epic_driver.epic-performance-test.md:epic_driver.py:682 Logging configured. Log file: autoBMAD\epic_automation\logs\epic_20260112_171729.log
d:\GITHUB\pytQt_template\autoBMAD\epic_automation\epic_driver.py:1276: TypeError: string indices must be integers, not 'str'
  + Exception Group Traceback (most recent call last):
  |   File "d:\GITHUB\pytQt_template\tests\performance\test_performance_benchmarks.py", line 238, in test_concurrent_performance
  |     async with anyio.create_task_group() as tg:
  |                ^^^^^^^^^^^^^^^^^^^^^^^^^
  |   File "C:\Users\Administrator\AppData\Local\Programs\Python\Python312\Lib\site-packages\anyio\_backends\_asyncio.py", line 783, in __aexit__
  |     raise BaseExceptionGroup(
  | ExceptionGroup: unhandled errors in a TaskGroup (10 sub-exceptions)
  +-+---------------- 1 ----------------
    | Traceback (most recent call last):
    |   File "d:\GITHUB\pytQt_template\autoBMAD\epic_automation\epic_driver.py", line 1276, in process_story
    |     story_path = story["path"]
    |                  ~~~~~^^^^^^^^
    | TypeError: string indices must be integers, not 'str'
    +---------------- 2 ----------------
    | Traceback (most recent call last):
    |   File "d:\GITHUB\pytQt_template\autoBMAD\epic_automation\epic_driver.py", line 1276, in process_story
    |     story_path = story["path"]
    |                  ~~~~~^^^^^^^^
    | TypeError: string indices must be integers, not 'str'
    +---------------- 3 ----------------
    | Traceback (most recent call last):
    |   File "d:\GITHUB\pytQt_template\autoBMAD\epic_automation\epic_driver.py", line 1276, in process_story
    |     story_path = story["path"]
    |                  ~~~~~^^^^^^^^
    | TypeError: string indices must be integers, not 'str'
    +---------------- 4 ----------------
    | Traceback (most recent call last):
    |   File "d:\GITHUB\pytQt_template\autoBMAD\epic_automation\epic_driver.py", line 1276, in process_story
    |     story_path = story["path"]
    |                  ~~~~~^^^^^^^^
    | TypeError: string indices must be integers, not 'str'
    +---------------- 5 ----------------
    | Traceback (most recent call last):
    |   File "d:\GITHUB\pytQt_template\autoBMAD\epic_automation\epic_driver.py", line 1276, in process_story
    |     story_path = story["path"]
    |                  ~~~~~^^^^^^^^
    | TypeError: string indices must be integers, not 'str'
    +---------------- 6 ----------------
    | Traceback (most recent call last):
    |   File "d:\GITHUB\pytQt_template\autoBMAD\epic_automation\epic_driver.py", line 1276, in process_story
    |     story_path = story["path"]
    |                  ~~~~~^^^^^^^^
    | TypeError: string indices must be integers, not 'str'
    +---------------- 7 ----------------
    | Traceback (most recent call last):
    |   File "d:\GITHUB\pytQt_template\autoBMAD\epic_automation\epic_driver.py", line 1276, in process_story
    |     story_path = story["path"]
    |                  ~~~~~^^^^^^^^
    | TypeError: string indices must be integers, not 'str'
    +---------------- 8 ----------------
    | Traceback (most recent call last):
    |   File "d:\GITHUB\pytQt_template\autoBMAD\epic_automation\epic_driver.py", line 1276, in process_story
    |     story_path = story["path"]
    |                  ~~~~~^^^^^^^^
    | TypeError: string indices must be integers, not 'str'
    +---------------- 9 ----------------
    | Traceback (most recent call last):
    |   File "d:\GITHUB\pytQt_template\autoBMAD\epic_automation\epic_driver.py", line 1276, in process_story
    |     story_path = story["path"]
    |                  ~~~~~^^^^^^^^
    | TypeError: string indices must be integers, not 'str'
    +---------------- 10 ----------------
    | Traceback (most recent call last):
    |   File "d:\GITHUB\pytQt_template\autoBMAD\epic_automation\epic_driver.py", line 1276, in process_story
    |     story_path = story["path"]
    |                  ~~~~~^^^^^^^^
    | TypeError: string indices must be integers, not 'str'
    +------------------------------------
---------------------------- Captured stdout call -----------------------------
\n=== 并发性能测试 ===
测试10个故事并发处理
[LOG] Log file created: autoBMAD\epic_automation\logs\epic_20260112_171729.log
------------------------------ Captured log call ------------------------------
INFO     epic_driver.epic-performance-test.md:epic_driver.py:682 Logging configured. Log file: autoBMAD\epic_automation\logs\epic_20260112_171729.log
C:\Users\Administrator\AppData\Local\Programs\Python\Python312\Lib\site-packages\anyio\_backends\_asyncio.py:783: ExceptionGroup: unhandled errors in a TaskGroup (10 sub-exceptions)
E   TypeError: string indices must be integers, not 'str'
---------------------------- Captured stdout call -----------------------------
\n=== 内存泄漏检测测试 ===
[LOG] Log file created: autoBMAD\epic_automation\logs\epic_20260112_171730.log
重复处理5轮...
\n第1轮...
------------------------------ Captured log call ------------------------------
INFO     epic_driver.epic-performance-test.md:epic_driver.py:682 Logging configured. Log file: autoBMAD\epic_automation\logs\epic_20260112_171730.log
d:\GITHUB\pytQt_template\autoBMAD\epic_automation\epic_driver.py:1276: TypeError: string indices must be integers, not 'str'
E   TypeError: string indices must be integers, not 'str'
---------------------------- Captured stdout call -----------------------------
\n=== CPU使用监控测试 ===
[LOG] Log file created: autoBMAD\epic_automation\logs\epic_20260112_171730.log
------------------------------ Captured log call ------------------------------
INFO     epic_driver.epic.md:epic_driver.py:682 Logging configured. Log file: autoBMAD\epic_automation\logs\epic_20260112_171730.log
d:\GITHUB\pytQt_template\autoBMAD\epic_automation\epic_driver.py:1276: TypeError: string indices must be integers, not 'str'
E   TypeError: string indices must be integers, not 'str'
---------------------------- Captured stdout call -----------------------------
\n=== SDK调用延迟测试 ===
[LOG] Log file created: autoBMAD\epic_automation\logs\epic_20260112_171730.log
------------------------------ Captured log call ------------------------------
INFO     epic_driver.epic.md:epic_driver.py:682 Logging configured. Log file: autoBMAD\epic_automation\logs\epic_20260112_171730.log
d:\GITHUB\pytQt_template\autoBMAD\epic_automation\epic_driver.py:1276: TypeError: string indices must be integers, not 'str'
E   NameError: name 'epic_file' is not defined
---------------------------- Captured stdout call -----------------------------
\n=== 性能回归检测测试 ===
\n测试1-story负载...
d:\GITHUB\pytQt_template\tests\performance\test_performance_benchmarks.py:466: NameError: name 'epic_file' is not defined
E   TypeError: EpicDriver.__init__() got an unexpected keyword argument 'project_root'
---------------------------- Captured stdout call -----------------------------
\\n=== \u5e76\u53d1vs\u987a\u5e8f\u6027\u80fd\u5bf9\u6bd4\u6d4b\u8bd5 ===\n\\n\U0001f4dd \u987a\u5e8f\u5904\u7406...
d:\GITHUB\pytQt_template\tests\performance\test_performance_benchmarks.py:537: TypeError: EpicDriver.__init__() got an unexpected keyword argument 'project_root'
============================== warnings summary ===============================
tests\e2e\test_epic_driver_full_e2e.py:174
  d:\GITHUB\pytQt_template\tests\e2e\test_epic_driver_full_e2e.py:174: PytestUnknownMarkWarning: Unknown pytest.mark.e2e - is this a typo?  You can register custom marks to avoid this warning - for details, see https://docs.pytest.org/en/stable/how-to/mark.html
    @pytest.mark.e2e

tests\e2e\test_epic_driver_full_e2e.py:239
  d:\GITHUB\pytQt_template\tests\e2e\test_epic_driver_full_e2e.py:239: PytestUnknownMarkWarning: Unknown pytest.mark.e2e - is this a typo?  You can register custom marks to avoid this warning - for details, see https://docs.pytest.org/en/stable/how-to/mark.html
    @pytest.mark.e2e

tests\e2e\test_epic_driver_full_e2e.py:274
  d:\GITHUB\pytQt_template\tests\e2e\test_epic_driver_full_e2e.py:274: PytestUnknownMarkWarning: Unknown pytest.mark.e2e - is this a typo?  You can register custom marks to avoid this warning - for details, see https://docs.pytest.org/en/stable/how-to/mark.html
    @pytest.mark.e2e

tests\e2e\test_epic_driver_full_e2e.py:334
  d:\GITHUB\pytQt_template\tests\e2e\test_epic_driver_full_e2e.py:334: PytestUnknownMarkWarning: Unknown pytest.mark.e2e - is this a typo?  You can register custom marks to avoid this warning - for details, see https://docs.pytest.org/en/stable/how-to/mark.html
    @pytest.mark.e2e

tests\e2e\test_epic_driver_full_e2e.py:395
  d:\GITHUB\pytQt_template\tests\e2e\test_epic_driver_full_e2e.py:395: PytestUnknownMarkWarning: Unknown pytest.mark.e2e - is this a typo?  You can register custom marks to avoid this warning - for details, see https://docs.pytest.org/en/stable/how-to/mark.html
    @pytest.mark.e2e

tests\e2e\test_epic_driver_full_e2e.py:448
  d:\GITHUB\pytQt_template\tests\e2e\test_epic_driver_full_e2e.py:448: PytestUnknownMarkWarning: Unknown pytest.mark.e2e - is this a typo?  You can register custom marks to avoid this warning - for details, see https://docs.pytest.org/en/stable/how-to/mark.html
    @pytest.mark.e2e

tests\e2e\test_epic_driver_full_e2e.py:472
  d:\GITHUB\pytQt_template\tests\e2e\test_epic_driver_full_e2e.py:472: PytestUnknownMarkWarning: Unknown pytest.mark.e2e - is this a typo?  You can register custom marks to avoid this warning - for details, see https://docs.pytest.org/en/stable/how-to/mark.html
    @pytest.mark.e2e

tests\e2e\test_epic_driver_full_e2e.py:512
  d:\GITHUB\pytQt_template\tests\e2e\test_epic_driver_full_e2e.py:512: PytestUnknownMarkWarning: Unknown pytest.mark.e2e - is this a typo?  You can register custom marks to avoid this warning - for details, see https://docs.pytest.org/en/stable/how-to/mark.html
    @pytest.mark.e2e

tests\e2e\test_epic_driver_full_e2e.py:555
  d:\GITHUB\pytQt_template\tests\e2e\test_epic_driver_full_e2e.py:555: PytestUnknownMarkWarning: Unknown pytest.mark.e2e - is this a typo?  You can register custom marks to avoid this warning - for details, see https://docs.pytest.org/en/stable/how-to/mark.html
    @pytest.mark.e2e

tests\integration\test_error_recovery_scenarios.py:105
  d:\GITHUB\pytQt_template\tests\integration\test_error_recovery_scenarios.py:105: PytestUnknownMarkWarning: Unknown pytest.mark.integration - is this a typo?  You can register custom marks to avoid this warning - for details, see https://docs.pytest.org/en/stable/how-to/mark.html
    @pytest.mark.integration

tests\integration\test_error_recovery_scenarios.py:161
  d:\GITHUB\pytQt_template\tests\integration\test_error_recovery_scenarios.py:161: PytestUnknownMarkWarning: Unknown pytest.mark.integration - is this a typo?  You can register custom marks to avoid this warning - for details, see https://docs.pytest.org/en/stable/how-to/mark.html
    @pytest.mark.integration

tests\integration\test_error_recovery_scenarios.py:190
  d:\GITHUB\pytQt_template\tests\integration\test_error_recovery_scenarios.py:190: PytestUnknownMarkWarning: Unknown pytest.mark.integration - is this a typo?  You can register custom marks to avoid this warning - for details, see https://docs.pytest.org/en/stable/how-to/mark.html
    @pytest.mark.integration

tests\integration\test_error_recovery_scenarios.py:247
  d:\GITHUB\pytQt_template\tests\integration\test_error_recovery_scenarios.py:247: PytestUnknownMarkWarning: Unknown pytest.mark.integration - is this a typo?  You can register custom marks to avoid this warning - for details, see https://docs.pytest.org/en/stable/how-to/mark.html
    @pytest.mark.integration

tests\integration\test_error_recovery_scenarios.py:291
  d:\GITHUB\pytQt_template\tests\integration\test_error_recovery_scenarios.py:291: PytestUnknownMarkWarning: Unknown pytest.mark.integration - is this a typo?  You can register custom marks to avoid this warning - for details, see https://docs.pytest.org/en/stable/how-to/mark.html
    @pytest.mark.integration

tests\integration\test_error_recovery_scenarios.py:329
  d:\GITHUB\pytQt_template\tests\integration\test_error_recovery_scenarios.py:329: PytestUnknownMarkWarning: Unknown pytest.mark.integration - is this a typo?  You can register custom marks to avoid this warning - for details, see https://docs.pytest.org/en/stable/how-to/mark.html
    @pytest.mark.integration

tests\integration\test_error_recovery_scenarios.py:362
  d:\GITHUB\pytQt_template\tests\integration\test_error_recovery_scenarios.py:362: PytestUnknownMarkWarning: Unknown pytest.mark.integration - is this a typo?  You can register custom marks to avoid this warning - for details, see https://docs.pytest.org/en/stable/how-to/mark.html
    @pytest.mark.integration

tests\integration\test_error_recovery_scenarios.py:398
  d:\GITHUB\pytQt_template\tests\integration\test_error_recovery_scenarios.py:398: PytestUnknownMarkWarning: Unknown pytest.mark.integration - is this a typo?  You can register custom marks to avoid this warning - for details, see https://docs.pytest.org/en/stable/how-to/mark.html
    @pytest.mark.integration

tests\integration\test_error_recovery_scenarios.py:436
  d:\GITHUB\pytQt_template\tests\integration\test_error_recovery_scenarios.py:436: PytestUnknownMarkWarning: Unknown pytest.mark.integration - is this a typo?  You can register custom marks to avoid this warning - for details, see https://docs.pytest.org/en/stable/how-to/mark.html
    @pytest.mark.integration

tests\integration\test_error_recovery_scenarios.py:466
  d:\GITHUB\pytQt_template\tests\integration\test_error_recovery_scenarios.py:466: PytestUnknownMarkWarning: Unknown pytest.mark.integration - is this a typo?  You can register custom marks to avoid this warning - for details, see https://docs.pytest.org/en/stable/how-to/mark.html
    @pytest.mark.integration

tests\integration\test_error_recovery_scenarios.py:504
  d:\GITHUB\pytQt_template\tests\integration\test_error_recovery_scenarios.py:504: PytestUnknownMarkWarning: Unknown pytest.mark.integration - is this a typo?  You can register custom marks to avoid this warning - for details, see https://docs.pytest.org/en/stable/how-to/mark.html
    @pytest.mark.integration

tests\performance\test_performance_benchmarks.py:173
  d:\GITHUB\pytQt_template\tests\performance\test_performance_benchmarks.py:173: PytestUnknownMarkWarning: Unknown pytest.mark.performance - is this a typo?  You can register custom marks to avoid this warning - for details, see https://docs.pytest.org/en/stable/how-to/mark.html
    @pytest.mark.performance

tests\performance\test_performance_benchmarks.py:219
  d:\GITHUB\pytQt_template\tests\performance\test_performance_benchmarks.py:219: PytestUnknownMarkWarning: Unknown pytest.mark.performance - is this a typo?  You can register custom marks to avoid this warning - for details, see https://docs.pytest.org/en/stable/how-to/mark.html
    @pytest.mark.performance

tests\performance\test_performance_benchmarks.py:262
  d:\GITHUB\pytQt_template\tests\performance\test_performance_benchmarks.py:262: PytestUnknownMarkWarning: Unknown pytest.mark.performance - is this a typo?  You can register custom marks to avoid this warning - for details, see https://docs.pytest.org/en/stable/how-to/mark.html
    @pytest.mark.performance

tests\performance\test_performance_benchmarks.py:306
  d:\GITHUB\pytQt_template\tests\performance\test_performance_benchmarks.py:306: PytestUnknownMarkWarning: Unknown pytest.mark.performance - is this a typo?  You can register custom marks to avoid this warning - for details, see https://docs.pytest.org/en/stable/how-to/mark.html
    @pytest.mark.performance

tests\performance\test_performance_benchmarks.py:372
  d:\GITHUB\pytQt_template\tests\performance\test_performance_benchmarks.py:372: PytestUnknownMarkWarning: Unknown pytest.mark.performance - is this a typo?  You can register custom marks to avoid this warning - for details, see https://docs.pytest.org/en/stable/how-to/mark.html
    @pytest.mark.performance

tests\performance\test_performance_benchmarks.py:440
  d:\GITHUB\pytQt_template\tests\performance\test_performance_benchmarks.py:440: PytestUnknownMarkWarning: Unknown pytest.mark.performance - is this a typo?  You can register custom marks to avoid this warning - for details, see https://docs.pytest.org/en/stable/how-to/mark.html
    @pytest.mark.performance

tests\performance\test_performance_benchmarks.py:525
  d:\GITHUB\pytQt_template\tests\performance\test_performance_benchmarks.py:525: PytestUnknownMarkWarning: Unknown pytest.mark.performance - is this a typo?  You can register custom marks to avoid this warning - for details, see https://docs.pytest.org/en/stable/how-to/mark.html
    @pytest.mark.performance

tests\integration\test_real_sdk_integration.py:26
  d:\GITHUB\pytQt_template\tests\integration\test_real_sdk_integration.py:26: PytestUnknownMarkWarning: Unknown pytest.mark.integration - is this a typo?  You can register custom marks to avoid this warning - for details, see https://docs.pytest.org/en/stable/how-to/mark.html
    pytest.mark.integration,

tests\integration\test_real_sdk_integration.py:139
  d:\GITHUB\pytQt_template\tests\integration\test_real_sdk_integration.py:139: PytestUnknownMarkWarning: Unknown pytest.mark.integration - is this a typo?  You can register custom marks to avoid this warning - for details, see https://docs.pytest.org/en/stable/how-to/mark.html
    @pytest.mark.integration

tests\integration\test_real_sdk_integration.py:141
  d:\GITHUB\pytQt_template\tests\integration\test_real_sdk_integration.py:141: PytestUnknownMarkWarning: Unknown pytest.mark.slow - is this a typo?  You can register custom marks to avoid this warning - for details, see https://docs.pytest.org/en/stable/how-to/mark.html
    @pytest.mark.slow

tests\integration\test_real_sdk_integration.py:184
  d:\GITHUB\pytQt_template\tests\integration\test_real_sdk_integration.py:184: PytestUnknownMarkWarning: Unknown pytest.mark.integration - is this a typo?  You can register custom marks to avoid this warning - for details, see https://docs.pytest.org/en/stable/how-to/mark.html
    @pytest.mark.integration

tests\integration\test_real_sdk_integration.py:186
  d:\GITHUB\pytQt_template\tests\integration\test_real_sdk_integration.py:186: PytestUnknownMarkWarning: Unknown pytest.mark.slow - is this a typo?  You can register custom marks to avoid this warning - for details, see https://docs.pytest.org/en/stable/how-to/mark.html
    @pytest.mark.slow

tests\integration\test_real_sdk_integration.py:229
  d:\GITHUB\pytQt_template\tests\integration\test_real_sdk_integration.py:229: PytestUnknownMarkWarning: Unknown pytest.mark.integration - is this a typo?  You can register custom marks to avoid this warning - for details, see https://docs.pytest.org/en/stable/how-to/mark.html
    @pytest.mark.integration

tests\integration\test_real_sdk_integration.py:297
  d:\GITHUB\pytQt_template\tests\integration\test_real_sdk_integration.py:297: PytestUnknownMarkWarning: Unknown pytest.mark.integration - is this a typo?  You can register custom marks to avoid this warning - for details, see https://docs.pytest.org/en/stable/how-to/mark.html
    @pytest.mark.integration

tests\integration\test_real_sdk_integration.py:381
  d:\GITHUB\pytQt_template\tests\integration\test_real_sdk_integration.py:381: PytestUnknownMarkWarning: Unknown pytest.mark.integration - is this a typo?  You can register custom marks to avoid this warning - for details, see https://docs.pytest.org/en/stable/how-to/mark.html
    @pytest.mark.integration

tests\integration\test_real_sdk_integration.py:461
  d:\GITHUB\pytQt_template\tests\integration\test_real_sdk_integration.py:461: PytestUnknownMarkWarning: Unknown pytest.mark.integration - is this a typo?  You can register custom marks to avoid this warning - for details, see https://docs.pytest.org/en/stable/how-to/mark.html
    @pytest.mark.integration

tests/e2e/test_epic_driver_full_e2e.py::test_epic_driver_initialization[asyncio]
  C:\Users\Administrator\AppData\Local\Programs\Python\Python312\Lib\contextlib.py:475: RuntimeWarning: coroutine 'EpicDriver._parse_story_status' was never awaited
    @staticmethod
  Enable tracemalloc to get traceback where the object was allocated.
  See https://docs.pytest.org/en/stable/how-to/capture-warnings.html#resource-warnings for more info.

tests/performance/test_performance_benchmarks.py::test_batch_story_performance[asyncio]
  C:\Users\Administrator\AppData\Local\Programs\Python\Python312\Lib\_weakrefset.py:77: RuntimeWarning: coroutine 'EpicDriver._parse_story_status' was never awaited
    wr = ref(item)
  Enable tracemalloc to get traceback where the object was allocated.
  See https://docs.pytest.org/en/stable/how-to/capture-warnings.html#resource-warnings for more info.

-- Docs: https://docs.pytest.org/en/stable/how-to/capture-warnings.html
=========================== short test summary info ===========================
FAILED tests/e2e/test_epic_driver_full_e2e.py::test_complete_epic_workflow[asyncio]
FAILED tests/e2e/test_epic_driver_full_e2e.py::test_multiple_stories_concurrent[asyncio]
FAILED tests/e2e/test_epic_driver_full_e2e.py::test_state_machine_pipeline[asyncio]
FAILED tests/e2e/test_epic_driver_full_e2e.py::test_epic_with_missing_stories[asyncio]
FAILED tests/e2e/test_epic_driver_full_e2e.py::test_epic_workflow_with_errors[asyncio]
FAILED tests/e2e/test_epic_driver_full_e2e.py::test_story_status_parsing[asyncio]
FAILED tests/integration/test_error_recovery_scenarios.py::test_sdk_failure_recovery[asyncio]
FAILED tests/integration/test_error_recovery_scenarios.py::test_database_error_recovery[asyncio]
FAILED tests/integration/test_error_recovery_scenarios.py::test_concurrent_failure_recovery[asyncio]
FAILED tests/performance/test_performance_benchmarks.py::test_batch_story_performance[asyncio]
FAILED tests/performance/test_performance_benchmarks.py::test_concurrent_performance[asyncio]
FAILED tests/performance/test_performance_benchmarks.py::test_memory_leak_detection[asyncio]
FAILED tests/performance/test_performance_benchmarks.py::test_cpu_usage_monitoring[asyncio]
FAILED tests/performance/test_performance_benchmarks.py::test_sdk_call_latency[asyncio]
FAILED tests/performance/test_performance_benchmarks.py::test_performance_regression_detection[asyncio]
FAILED tests/performance/test_performance_benchmarks.py::test_concurrent_vs_sequential_performance[asyncio]
= 16 failed, 11 passed, 4 skipped, 2 deselected, 38 warnings in 310.28s (0:05:10) =
